"Cat miao"
0.000000
0
0
102
1
0
"Static Animal bark"
"Nonstatic Animal bark"
103
104
"Static Animal bark"
"Nonstatic Animal bark"
