"Point Location:"
"X-cordinate:"
0
"Y-cordinate:"
0
