"Nonstatic Animal bark"
"Static Animal bark"
0
100
101
7
14
