"public static"
"public"
0
"public"
0
"private static"
"private"
0
"private"
0
